['output', 'DWIDTH * PE_ROW\u200b', '外部存储器读数据']
